66.249.64.100 - - [18/Jun/2014:19:07:18] "GET /favicon.ico HTTP/1.0" 404 None "-" "Googlebot-Image/1.0"
208.115.113.85 - - [18/Jun/2014:21:23:26] "GET /robots.txt HTTP/1.0" 404 None "-" "Mozilla/5.0 (compatible; DotBot/1.1; http://www.opensiteexplorer.org/dotbot, help@moz.com)"
199.80.59.175 - - [18/Jun/2014:22:15:48] "GET / HTTP/1.0" 200 None "-" "Mozilla/4.0 (compatible; MSIE 5.5; Windows NT)"
66.249.64.15 - - [18/Jun/2014:23:28:03] "GET / HTTP/1.0" 200 None "-" "Mozilla/5.0 (compatible; Googlebot/2.1; +http://www.google.com/bot.html)"
157.55.39.120 - - [18/Jun/2014:23:51:35] "GET /robots.txt HTTP/1.0" 404 None "-" "Mozilla/5.0 (compatible; bingbot/2.0; +http://www.bing.com/bingbot.htm)"
66.249.69.96 - - [19/Jun/2014:00:18:25] "GET / HTTP/1.0" 200 None "-" "Mozilla/5.0 (compatible; Googlebot/2.1; +http://www.google.com/bot.html)"
37.9.53.253 - - [19/Jun/2014:01:19:25] "GET /admin.php HTTP/1.0" 404 None "-" "Mozilla/5.0 (Windows NT 5.1; rv:22.0) Gecko/20100101 Firefox/22.0 Paros/3.2.13"
37.58.100.185 - - [19/Jun/2014:02:59:52] "GET /robots.txt HTTP/1.0" 404 None "-" "Mozilla/5.0 (compatible; AhrefsBot/5.0; +http://ahrefs.com/robot/)"
66.249.69.70 - - [19/Jun/2014:06:36:25] "GET /robots.txt HTTP/1.0" 404 None "-" "Mozilla/5.0 (compatible; Googlebot/2.1; +http://www.google.com/bot.html)"
66.249.69.70 - - [19/Jun/2014:06:36:26] "GET /robots.txt HTTP/1.0" 404 None "-" "Mozilla/5.0 (compatible; Googlebot/2.1; +http://www.google.com/bot.html)"
66.249.69.102 - - [19/Jun/2014:06:36:26] "GET / HTTP/1.0" 200 None "-" "Mozilla/5.0 (compatible; Googlebot/2.1; +http://www.google.com/bot.html)"
61.135.189.187 - - [19/Jun/2014:07:51:33] "GET /view.php?id=4968 HTTP/1.0" 404 None "-" "Sogou web spider/4.0(+http://www.sogou.com/docs/help/webmasters.htm#07)"
139.170.67.251 - - [19/Jun/2014:07:51:42] "GET /mnews.htm HTTP/1.0" 404 None "-" "Mozilla/4.0 (compatible; MSIE 7.0; Windows NT 5.1)"
61.135.189.187 - - [19/Jun/2014:07:51:46] "GET /view.php?id=11901 HTTP/1.0" 404 None "-" "Sogou web spider/4.0(+http://www.sogou.com/docs/help/webmasters.htm#07)"
64.246.165.200 - - [19/Jun/2014:08:25:55] "GET / HTTP/1.0" 200 None "http://whois.domaintools.com/jooec.com" "Mozilla/5.0 (Windows; U; Windows NT 5.1; en; rv:1.9.0.13) Gecko/2009073022 Firefox/3.5.2 (.NET CLR 3.5.30729) SurveyBot/2.3 (DomainTools)"
207.46.13.105 - - [19/Jun/2014:08:36:16] "GET /robots.txt HTTP/1.0" 404 None "-" "Mozilla/5.0 (compatible; bingbot/2.0; +http://www.bing.com/bingbot.htm)"
207.46.13.105 - - [19/Jun/2014:08:36:33] "GET /scfwsj.html HTTP/1.0" 404 None "-" "Mozilla/5.0 (compatible; bingbot/2.0; +http://www.bing.com/bingbot.htm)"
23.236.55.36 - - [19/Jun/2014:09:04:06] "GET / HTTP/1.0" 200 None "-" "NerdyBot"
66.249.79.173 - - [19/Jun/2014:09:16:30] "GET /robots.txt HTTP/1.0" 404 None "-" "Mozilla/5.0 (compatible; Googlebot/2.1; +http://www.google.com/bot.html)"
66.249.79.199 - - [19/Jun/2014:09:16:30] "GET /robots.txt HTTP/1.0" 404 None "-" "Mozilla/5.0 (compatible; Googlebot/2.1; +http://www.google.com/bot.html)"
66.249.79.173 - - [19/Jun/2014:09:16:30] "GET / HTTP/1.0" 200 None "-" "Mozilla/5.0 (compatible; Googlebot/2.1; +http://www.google.com/bot.html)"
107.178.218.168 - - [19/Jun/2014:10:05:44] "GET / HTTP/1.0" 200 None "-" "NerdyBot"
66.249.74.161 - - [19/Jun/2014:10:32:07] "GET /robots.txt HTTP/1.0" 404 None "-" "Mozilla/5.0 (compatible; Googlebot/2.1; +http://www.google.com/bot.html)"
66.249.74.161 - - [19/Jun/2014:10:32:08] "GET / HTTP/1.0" 200 None "-" "Mozilla/5.0 (compatible; Googlebot/2.1; +http://www.google.com/bot.html)"
69.58.178.56 - - [19/Jun/2014:12:42:07] "GET / HTTP/1.0" 200 None "-" "Mozilla/5.0 (X11; Ubuntu; Linux i686; rv:14.0; ips-agent) Gecko/20100101 Firefox/14.0.1"
69.58.178.56 - - [19/Jun/2014:12:42:09] "GET / HTTP/1.0" 200 None "-" "BlackBerry9000/4.6.0.167 Profile/MIDP-2.0 Configuration/CLDC-1.1 VendorID/102 ips-agent"
157.55.39.107 - - [19/Jun/2014:16:51:22] "GET /robots.txt HTTP/1.0" 404 None "-" "Mozilla/5.0 (compatible; bingbot/2.0; +http://www.bing.com/bingbot.htm)"
208.115.113.85 - - [19/Jun/2014:17:17:22] "GET /robots.txt HTTP/1.0" 404 None "-" "Mozilla/5.0 (compatible; DotBot/1.1; http://www.opensiteexplorer.org/dotbot, help@moz.com)"
66.249.79.62 - - [19/Jun/2014:17:43:57] "GET /robots.txt HTTP/1.0" 404 None "-" "Mozilla/5.0 (compatible; Googlebot/2.1; +http://www.google.com/bot.html)"
66.249.79.199 - - [19/Jun/2014:18:40:45] "GET /favicon.ico HTTP/1.0" 404 None "-" "Googlebot-Image/1.0"
50.31.96.12 - - [19/Jun/2014:20:30:11] "GET / HTTP/1.0" 500 None "-" "Mozilla/5.0 (X11; U; Linux x86_64; C) AppleWebKit/534.3 (KHTML, like Gecko) Qt/4.7.4 Safari/534.3"
157.55.39.85 - - [19/Jun/2014:20:53:18] "GET /robots.txt HTTP/1.0" 404 None "-" "Mozilla/5.0 (compatible; bingbot/2.0; +http://www.bing.com/bingbot.htm)"
66.249.65.110 - - [19/Jun/2014:23:08:20] "GET /robots.txt HTTP/1.0" 404 None "-" "Mozilla/5.0 (compatible; Googlebot/2.1; +http://www.google.com/bot.html)"
66.249.65.97 - - [19/Jun/2014:23:08:39] "GET /robots.txt HTTP/1.0" 404 None "-" "Mozilla/5.0 (compatible; Googlebot/2.1; +http://www.google.com/bot.html)"
66.249.65.84 - - [19/Jun/2014:23:08:39] "GET / HTTP/1.0" 500 None "-" "Mozilla/5.0 (iPhone; CPU iPhone OS 6_0 like Mac OS X) AppleWebKit/536.26 (KHTML, like Gecko) Version/6.0 Mobile/10A5376e Safari/8536.25 (compatible; Googlebot/2.1; +http://www.google.com/bot.html)"
66.249.65.84 - - [19/Jun/2014:23:20:09] "GET / HTTP/1.0" 500 None "-" "Mozilla/5.0 (iPhone; CPU iPhone OS 6_0 like Mac OS X) AppleWebKit/536.26 (KHTML, like Gecko) Version/6.0 Mobile/10A5376e Safari/8536.25 (compatible; Googlebot/2.1; +http://www.google.com/bot.html)"
157.55.39.85 - - [19/Jun/2014:23:20:51] "GET /robots.txt HTTP/1.0" 404 None "-" "Mozilla/5.0 (compatible; bingbot/2.0; +http://www.bing.com/bingbot.htm)"
157.55.39.85 - - [20/Jun/2014:03:18:42] "GET /robots.txt HTTP/1.0" 404 None "-" "Mozilla/5.0 (compatible; bingbot/2.0; +http://www.bing.com/bingbot.htm)"
157.55.39.85 - - [20/Jun/2014:03:18:46] "GET /scfwpt.html HTTP/1.0" 404 None "-" "Mozilla/5.0 (compatible; bingbot/2.0; +http://www.bing.com/bingbot.htm)"
157.55.39.19 - - [20/Jun/2014:04:05:34] "GET /robots.txt HTTP/1.0" 404 None "-" "Mozilla/5.0 (compatible; bingbot/2.0; +http://www.bing.com/bingbot.htm)"
66.249.65.84 - - [20/Jun/2014:05:46:40] "GET / HTTP/1.0" 500 None "-" "Mozilla/5.0 (iPhone; CPU iPhone OS 6_0 like Mac OS X) AppleWebKit/536.26 (KHTML, like Gecko) Version/6.0 Mobile/10A5376e Safari/8536.25 (compatible; Googlebot/2.1; +http://www.google.com/bot.html)"
66.249.65.97 - - [20/Jun/2014:05:46:51] "GET / HTTP/1.0" 500 None "-" "Mozilla/5.0 (iPhone; CPU iPhone OS 6_0 like Mac OS X) AppleWebKit/536.26 (KHTML, like Gecko) Version/6.0 Mobile/10A5376e Safari/8536.25 (compatible; Googlebot/2.1; +http://www.google.com/bot.html)"
130.211.156.244 - - [20/Jun/2014:09:04:24] "GET / HTTP/1.0" 500 None "-" "NerdyBot"
130.211.188.80 - - [20/Jun/2014:10:06:02] "GET / HTTP/1.0" 500 None "-" "NerdyBot"
141.212.121.128 - - [20/Jun/2014:10:38:23] "GET / HTTP/1.0" 500 None "-" "-"
199.80.59.173 - - [20/Jun/2014:11:35:54] "GET / HTTP/1.0" 500 None "-" "Mozilla/4.0 (compatible; MSIE 5.5; Windows NT)"
66.249.65.110 - - [20/Jun/2014:11:50:58] "GET /robots.txt HTTP/1.0" 404 None "-" "Mozilla/5.0 (compatible; Googlebot/2.1; +http://www.google.com/bot.html)"
66.249.65.97 - - [20/Jun/2014:11:50:58] "GET / HTTP/1.0" 500 None "-" "Mozilla/5.0 (iPhone; CPU iPhone OS 6_0 like Mac OS X) AppleWebKit/536.26 (KHTML, like Gecko) Version/6.0 Mobile/10A5376e Safari/8536.25 (compatible; Googlebot/2.1; +http://www.google.com/bot.html)"
66.249.65.110 - - [20/Jun/2014:11:51:09] "GET / HTTP/1.0" 500 None "-" "Mozilla/5.0 (iPhone; CPU iPhone OS 6_0 like Mac OS X) AppleWebKit/536.26 (KHTML, like Gecko) Version/6.0 Mobile/10A5376e Safari/8536.25 (compatible; Googlebot/2.1; +http://www.google.com/bot.html)"
201.161.11.210 - - [20/Jun/2014:13:02:03] "GET /admin/common/ie.css HTTP/1.0" 404 None "-" "-"
201.161.11.210 - - [20/Jun/2014:13:02:03] "GET /admin/common/ie.css HTTP/1.0" 404 None "-" "-"
201.161.11.210 - - [20/Jun/2014:13:02:03] "GET /admin/common/ie.css HTTP/1.0" 404 None "-" "-"
201.161.11.210 - - [20/Jun/2014:13:02:03] "GET /admin/common/ie.css HTTP/1.0" 404 None "-" "-"
201.161.11.210 - - [20/Jun/2014:13:02:04] "GET /admin/common/ie.css HTTP/1.0" 404 None "-" "-"
75.130.92.191 - - [20/Jun/2014:18:06:48] "GET / HTTP/1.0" 500 None "-" "Mozilla/5.0 (X11; Linux x86_64) AppleWebKit/537.36 (KHTML, like Gecko) Chrome/35.0.1916.153 Safari/537.36"
75.130.92.191 - - [20/Jun/2014:18:06:49] "GET /favicon.ico HTTP/1.0" 404 None "-" "Mozilla/5.0 (X11; Linux x86_64) AppleWebKit/537.36 (KHTML, like Gecko) Chrome/35.0.1916.153 Safari/537.36"
137.99.92.175 - - [23/Jun/2014:11:16:54] "GET / HTTP/1.0" 200 None "-" "Mozilla/5.0 (X11; Linux x86_64) AppleWebKit/537.36 (KHTML, like Gecko) Chrome/35.0.1916.153 Safari/537.36"
137.99.92.175 - - [23/Jun/2014:11:16:55] "GET /favicon.ico HTTP/1.0" 404 None "-" "Mozilla/5.0 (X11; Linux x86_64) AppleWebKit/537.36 (KHTML, like Gecko) Chrome/35.0.1916.153 Safari/537.36"
137.99.92.175 - - [23/Jun/2014:11:17:00] "GET / HTTP/1.0" 200 None "-" "Mozilla/5.0 (X11; Linux x86_64) AppleWebKit/537.36 (KHTML, like Gecko) Chrome/35.0.1916.153 Safari/537.36"
137.99.92.175 - - [23/Jun/2014:12:08:34] "GET / HTTP/1.0" 200 None "-" "Mozilla/5.0 (X11; Linux x86_64) AppleWebKit/537.36 (KHTML, like Gecko) Chrome/35.0.1916.153 Safari/537.36"
137.99.92.175 - - [23/Jun/2014:12:09:25] "POST /order/ HTTP/1.0" 200 None "https://convenient-delivery.com/" "Mozilla/5.0 (X11; Linux x86_64) AppleWebKit/537.36 (KHTML, like Gecko) Chrome/35.0.1916.153 Safari/537.36"
137.99.92.175 - - [23/Jun/2014:12:09:27] "GET / HTTP/1.0" 200 None "-" "Mozilla/5.0 (X11; Linux x86_64) AppleWebKit/537.36 (KHTML, like Gecko) Chrome/35.0.1916.153 Safari/537.36"
137.99.92.175 - - [23/Jun/2014:12:09:30] "GET /order HTTP/1.0" 301 None "-" "Mozilla/5.0 (X11; Linux x86_64) AppleWebKit/537.36 (KHTML, like Gecko) Chrome/35.0.1916.153 Safari/537.36"
137.99.92.175 - - [23/Jun/2014:12:09:30] "GET /order/ HTTP/1.0" 302 None "-" "Mozilla/5.0 (X11; Linux x86_64) AppleWebKit/537.36 (KHTML, like Gecko) Chrome/35.0.1916.153 Safari/537.36"
137.99.92.175 - - [23/Jun/2014:12:09:30] "GET / HTTP/1.0" 200 None "-" "Mozilla/5.0 (X11; Linux x86_64) AppleWebKit/537.36 (KHTML, like Gecko) Chrome/35.0.1916.153 Safari/537.36"
137.99.92.175 - - [23/Jun/2014:12:14:22] "GET / HTTP/1.0" 200 None "-" "Mozilla/5.0 (X11; Linux x86_64) AppleWebKit/537.36 (KHTML, like Gecko) Chrome/35.0.1916.153 Safari/537.36"
202.53.8.82 - - [23/Jun/2014:12:37:17] "GET /CFIDE/administrator/enter.cfm HTTP/1.0" 404 None "-" "-"
188.40.114.21 - - [23/Jun/2014:13:01:19] "GET /administrator HTTP/1.0" 404 None "http://JOOEC.COM/administrator" "Mozilla/4.0 (compatible; MSIE 6.0; Windows NT 5.1; AntiVirus Scanner)"
178.77.126.55 - - [23/Jun/2014:13:27:37] "GET / HTTP/1.0" 200 None "-" "Mozilla/5.0 (compatible; CareerBot/1.1; +http://www.career-x.de/bot.html)"
108.34.151.220 - - [23/Jun/2014:15:20:34] "GET /admin HTTP/1.0" 301 None "-" "Mozilla/5.0 (Windows NT 6.1; WOW64; rv:30.0) Gecko/20100101 Firefox/30.0"
108.34.151.220 - - [23/Jun/2014:15:20:34] "GET /admin/ HTTP/1.0" 200 None "-" "Mozilla/5.0 (Windows NT 6.1; WOW64; rv:30.0) Gecko/20100101 Firefox/30.0"
108.34.151.220 - - [23/Jun/2014:15:20:34] "GET /favicon.ico HTTP/1.0" 404 None "-" "Mozilla/5.0 (Windows NT 6.1; WOW64; rv:30.0) Gecko/20100101 Firefox/30.0"
108.34.151.220 - - [23/Jun/2014:15:20:35] "GET /favicon.ico HTTP/1.0" 404 None "-" "Mozilla/5.0 (Windows NT 6.1; WOW64; rv:30.0) Gecko/20100101 Firefox/30.0"
108.34.151.220 - - [23/Jun/2014:15:20:40] "POST /admin/ HTTP/1.0" 200 None "https://www.convenient-delivery.com/admin/" "Mozilla/5.0 (Windows NT 6.1; WOW64; rv:30.0) Gecko/20100101 Firefox/30.0"
150.255.0.77 - - [23/Jun/2014:15:53:37] "GET /mnews.htm HTTP/1.0" 404 None "-" "Mozilla/4.0 (compatible; MSIE 7.0; Windows NT 5.1)"
61.135.189.187 - - [23/Jun/2014:15:53:38] "GET /view.php?id=12264 HTTP/1.0" 404 None "-" "Sogou web spider/4.0(+http://www.sogou.com/docs/help/webmasters.htm#07)"
61.135.189.187 - - [23/Jun/2014:15:53:56] "GET /view.php?id=7000 HTTP/1.0" 404 None "-" "Sogou web spider/4.0(+http://www.sogou.com/docs/help/webmasters.htm#07)"
202.53.8.82 - - [23/Jun/2014:16:57:18] "GET /CFIDE/administrator/enter.cfm HTTP/1.0" 404 None "-" "-"
66.249.65.200 - - [23/Jun/2014:18:14:07] "GET /robots.txt HTTP/1.0" 404 None "-" "Mozilla/5.0 (compatible; Googlebot/2.1; +http://www.google.com/bot.html)"
66.249.65.200 - - [23/Jun/2014:18:14:07] "GET / HTTP/1.0" 200 None "-" "Mozilla/5.0 (compatible; Googlebot/2.1; +http://www.google.com/bot.html)"
66.249.65.62 - - [23/Jun/2014:18:19:04] "GET /robots.txt HTTP/1.0" 404 None "-" "Mozilla/5.0 (compatible; Googlebot/2.1; +http://www.google.com/bot.html)"
108.34.151.220 - - [23/Jun/2014:18:55:34] "GET /polls HTTP/1.0" 404 None "-" "Mozilla/5.0 (Windows NT 6.1; WOW64; rv:30.0) Gecko/20100101 Firefox/30.0"
108.34.151.220 - - [23/Jun/2014:18:59:03] "GET /polls HTTP/1.0" 404 None "-" "Mozilla/5.0 (Windows NT 6.1; WOW64; rv:30.0) Gecko/20100101 Firefox/30.0"
108.34.151.220 - - [23/Jun/2014:18:59:04] "GET /polls HTTP/1.0" 404 None "-" "Mozilla/5.0 (Windows NT 6.1; WOW64; rv:30.0) Gecko/20100101 Firefox/30.0"
108.34.151.220 - - [23/Jun/2014:18:59:05] "GET /polls HTTP/1.0" 404 None "-" "Mozilla/5.0 (Windows NT 6.1; WOW64; rv:30.0) Gecko/20100101 Firefox/30.0"
108.34.151.220 - - [23/Jun/2014:18:59:06] "GET /polls HTTP/1.0" 404 None "-" "Mozilla/5.0 (Windows NT 6.1; WOW64; rv:30.0) Gecko/20100101 Firefox/30.0"
108.34.151.220 - - [23/Jun/2014:18:59:19] "GET /polls HTTP/1.0" 404 None "-" "Mozilla/5.0 (Windows NT 6.1; WOW64; rv:30.0) Gecko/20100101 Firefox/30.0"
108.34.151.220 - - [23/Jun/2014:19:03:00] "GET /polls HTTP/1.0" 404 None "-" "Mozilla/5.0 (Windows NT 6.1; WOW64; rv:30.0) Gecko/20100101 Firefox/30.0"
66.240.236.119 - - [23/Jun/2014:21:05:16] "GET / HTTP/1.0" 200 None "-" "-"
66.249.74.161 - - [23/Jun/2014:21:59:30] "GET /robots.txt HTTP/1.0" 404 None "-" "Mozilla/5.0 (compatible; Googlebot/2.1; +http://www.google.com/bot.html)"
66.249.74.161 - - [23/Jun/2014:21:59:30] "GET / HTTP/1.0" 200 None "-" "Mozilla/5.0 (iPhone; CPU iPhone OS 6_0 like Mac OS X) AppleWebKit/536.26 (KHTML, like Gecko) Version/6.0 Mobile/10A5376e Safari/8536.25 (compatible; Googlebot/2.1; +http://www.google.com/bot.html)"
66.249.74.47 - - [23/Jun/2014:22:10:16] "GET /robots.txt HTTP/1.0" 404 None "-" "Mozilla/5.0 (compatible; Googlebot/2.1; +http://www.google.com/bot.html)"
66.249.74.161 - - [23/Jun/2014:23:11:05] "GET / HTTP/1.0" 200 None "-" "Mozilla/5.0 (compatible; Googlebot/2.1; +http://www.google.com/bot.html)"
199.80.59.175 - - [24/Jun/2014:02:10:07] "GET / HTTP/1.0" 200 None "-" "Mozilla/4.0 (compatible; MSIE 5.5; Windows NT)"
157.55.39.31 - - [24/Jun/2014:06:15:22] "GET /robots.txt HTTP/1.0" 404 None "-" "Mozilla/5.0 (compatible; bingbot/2.0; +http://www.bing.com/bingbot.htm)"
137.99.92.175 - - [24/Jun/2014:07:40:40] "GET / HTTP/1.0" 200 None "-" "Mozilla/5.0 (X11; Linux x86_64) AppleWebKit/537.36 (KHTML, like Gecko) Chrome/35.0.1916.153 Safari/537.36"
137.99.92.175 - - [24/Jun/2014:07:40:43] "POST /order/ HTTP/1.0" 200 None "https://convenient-delivery.com/" "Mozilla/5.0 (X11; Linux x86_64) AppleWebKit/537.36 (KHTML, like Gecko) Chrome/35.0.1916.153 Safari/537.36"
137.99.92.175 - - [24/Jun/2014:07:40:44] "GET / HTTP/1.0" 200 None "-" "Mozilla/5.0 (X11; Linux x86_64) AppleWebKit/537.36 (KHTML, like Gecko) Chrome/35.0.1916.153 Safari/537.36"
137.99.92.175 - - [24/Jun/2014:07:40:48] "GET / HTTP/1.0" 200 None "-" "Mozilla/5.0 (X11; Linux x86_64) AppleWebKit/537.36 (KHTML, like Gecko) Chrome/35.0.1916.153 Safari/537.36"
116.249.76.190 - - [24/Jun/2014:08:06:54] "GET /mnews.htm HTTP/1.0" 404 None "-" "Mozilla/4.0 (compatible; MSIE 7.0; Windows NT 5.1)"
61.135.189.187 - - [24/Jun/2014:08:06:54] "GET /list.php?catid=5&page=11 HTTP/1.0" 404 None "-" "Sogou web spider/4.0(+http://www.sogou.com/docs/help/webmasters.htm#07)"
61.135.189.187 - - [24/Jun/2014:08:07:06] "GET /list.php?catid=4&page=21 HTTP/1.0" 404 None "-" "Sogou web spider/4.0(+http://www.sogou.com/docs/help/webmasters.htm#07)"
37.58.100.156 - - [24/Jun/2014:08:12:27] "GET /robots.txt HTTP/1.0" 404 None "-" "Mozilla/5.0 (compatible; AhrefsBot/5.0; +http://ahrefs.com/robot/)"
108.59.84.155 - - [24/Jun/2014:09:04:06] "GET / HTTP/1.0" 200 None "-" "NerdyBot"
157.55.39.0 - - [24/Jun/2014:09:44:18] "GET /robots.txt HTTP/1.0" 404 None "-" "Mozilla/5.0 (compatible; bingbot/2.0; +http://www.bing.com/bingbot.htm)"
66.249.65.110 - - [24/Jun/2014:09:50:42] "GET /robots.txt HTTP/1.0" 404 None "-" "Mozilla/5.0 (compatible; Googlebot/2.1; +http://www.google.com/bot.html)"
66.249.65.110 - - [24/Jun/2014:09:50:49] "GET /robots.txt HTTP/1.0" 404 None "-" "Mozilla/5.0 (compatible; Googlebot/2.1; +http://www.google.com/bot.html)"
66.249.65.84 - - [24/Jun/2014:09:50:50] "GET / HTTP/1.0" 200 None "-" "Mozilla/5.0 (iPhone; CPU iPhone OS 6_0 like Mac OS X) AppleWebKit/536.26 (KHTML, like Gecko) Version/6.0 Mobile/10A5376e Safari/8536.25 (compatible; Googlebot/2.1; +http://www.google.com/bot.html)"
66.249.76.197 - - [24/Jun/2014:09:59:59] "GET /robots.txt HTTP/1.0" 404 None "-" "Mozilla/5.0 (compatible; Googlebot/2.1; +http://www.google.com/bot.html)"
107.178.215.118 - - [24/Jun/2014:10:05:31] "GET / HTTP/1.0" 200 None "-" "NerdyBot"
137.99.92.175 - - [24/Jun/2014:14:01:26] "GET / HTTP/1.0" 200 None "-" "Mozilla/5.0 (X11; Linux x86_64) AppleWebKit/537.36 (KHTML, like Gecko) Chrome/35.0.1916.153 Safari/537.36"
137.99.92.175 - - [24/Jun/2014:14:04:41] "GET / HTTP/1.0" 200 None "-" "Mozilla/5.0 (X11; Linux x86_64) AppleWebKit/537.36 (KHTML, like Gecko) Chrome/35.0.1916.153 Safari/537.36"
207.46.13.115 - - [24/Jun/2014:14:10:41] "GET /robots.txt HTTP/1.0" 404 None "-" "Mozilla/5.0 (compatible; bingbot/2.0; +http://www.bing.com/bingbot.htm)"
157.55.39.11 - - [24/Jun/2014:15:06:35] "GET /robots.txt HTTP/1.0" 404 None "-" "Mozilla/5.0 (compatible; bingbot/2.0; +http://www.bing.com/bingbot.htm)"
91.207.7.54 - - [24/Jun/2014:15:23:42] "GET / HTTP/1.0" 200 None "-" "Mozilla/4.0 (compatible; MSIE 6.0; Windows NT 5.1; SV1; Mozilla/4.0 (compatible; MSIE 6.0; Windows NT 5.1; SV1) ; .NET CLR 1.0.3705)"
91.207.7.54 - - [24/Jun/2014:15:23:42] "GET / HTTP/1.0" 200 None "-" "Mozilla/4.0 (compatible; MSIE 6.0; Windows NT 5.1; SV1; Mozilla/4.0 (compatible; MSIE 6.0; Windows NT 5.1; SV1) ; .NET CLR 2.0.50727 ; .NET CLR 4.0.30319)"
75.130.92.191 - - [24/Jun/2014:18:31:11] "GET / HTTP/1.0" 200 None "-" "Mozilla/5.0 (X11; Linux x86_64) AppleWebKit/537.36 (KHTML, like Gecko) Chrome/35.0.1916.153 Safari/537.36"
75.130.92.191 - - [24/Jun/2014:18:31:13] "GET /favicon.ico HTTP/1.0" 404 None "-" "Mozilla/5.0 (X11; Linux x86_64) AppleWebKit/537.36 (KHTML, like Gecko) Chrome/35.0.1916.153 Safari/537.36"
108.34.151.220 - - [24/Jun/2014:18:55:14] "GET /polls HTTP/1.0" 500 None "-" "Mozilla/5.0 (Windows NT 6.1; WOW64; rv:30.0) Gecko/20100101 Firefox/30.0"
75.130.92.191 - - [24/Jun/2014:18:55:52] "GET / HTTP/1.0" 200 None "-" "Mozilla/5.0 (X11; Linux x86_64) AppleWebKit/537.36 (KHTML, like Gecko) Chrome/35.0.1916.153 Safari/537.36"
75.130.92.191 - - [24/Jun/2014:18:55:54] "POST /order/ HTTP/1.0" 500 None "https://convenient-delivery.com/" "Mozilla/5.0 (X11; Linux x86_64) AppleWebKit/537.36 (KHTML, like Gecko) Chrome/35.0.1916.153 Safari/537.36"
75.130.92.191 - - [24/Jun/2014:18:56:59] "GET / HTTP/1.0" 500 None "-" "Mozilla/5.0 (X11; Linux x86_64) AppleWebKit/537.36 (KHTML, like Gecko) Chrome/35.0.1916.153 Safari/537.36"
75.130.92.191 - - [24/Jun/2014:18:57:00] "GET / HTTP/1.0" 200 None "-" "Mozilla/5.0 (X11; Linux x86_64) AppleWebKit/537.36 (KHTML, like Gecko) Chrome/35.0.1916.153 Safari/537.36"
75.130.92.191 - - [24/Jun/2014:18:57:01] "GET / HTTP/1.0" 500 None "-" "Mozilla/5.0 (X11; Linux x86_64) AppleWebKit/537.36 (KHTML, like Gecko) Chrome/35.0.1916.153 Safari/537.36"
75.130.92.191 - - [24/Jun/2014:18:57:02] "GET / HTTP/1.0" 200 None "-" "Mozilla/5.0 (X11; Linux x86_64) AppleWebKit/537.36 (KHTML, like Gecko) Chrome/35.0.1916.153 Safari/537.36"
75.130.92.191 - - [24/Jun/2014:18:57:03] "GET / HTTP/1.0" 500 None "-" "Mozilla/5.0 (X11; Linux x86_64) AppleWebKit/537.36 (KHTML, like Gecko) Chrome/35.0.1916.153 Safari/537.36"
75.130.92.191 - - [24/Jun/2014:18:57:03] "GET / HTTP/1.0" 200 None "-" "Mozilla/5.0 (X11; Linux x86_64) AppleWebKit/537.36 (KHTML, like Gecko) Chrome/35.0.1916.153 Safari/537.36"
75.130.92.191 - - [24/Jun/2014:18:57:04] "GET / HTTP/1.0" 500 None "-" "Mozilla/5.0 (X11; Linux x86_64) AppleWebKit/537.36 (KHTML, like Gecko) Chrome/35.0.1916.153 Safari/537.36"
75.130.92.191 - - [24/Jun/2014:18:57:04] "GET / HTTP/1.0" 200 None "-" "Mozilla/5.0 (X11; Linux x86_64) AppleWebKit/537.36 (KHTML, like Gecko) Chrome/35.0.1916.153 Safari/537.36"
75.130.92.191 - - [24/Jun/2014:18:57:05] "GET / HTTP/1.0" 500 None "-" "Mozilla/5.0 (X11; Linux x86_64) AppleWebKit/537.36 (KHTML, like Gecko) Chrome/35.0.1916.153 Safari/537.36"
75.130.92.191 - - [24/Jun/2014:18:57:19] "GET /polls HTTP/1.0" 404 None "-" "Mozilla/5.0 (X11; Linux x86_64) AppleWebKit/537.36 (KHTML, like Gecko) Chrome/35.0.1916.153 Safari/537.36"
75.130.92.191 - - [24/Jun/2014:18:58:27] "GET /polls HTTP/1.0" 404 None "-" "Mozilla/5.0 (X11; Linux x86_64) AppleWebKit/537.36 (KHTML, like Gecko) Chrome/35.0.1916.153 Safari/537.36"
75.130.92.191 - - [24/Jun/2014:19:00:35] "GET / HTTP/1.0" 500 None "-" "Mozilla/5.0 (X11; Linux x86_64) AppleWebKit/537.36 (KHTML, like Gecko) Chrome/35.0.1916.153 Safari/537.36"
75.130.92.191 - - [24/Jun/2014:19:00:42] "GET /polls HTTP/1.0" 500 None "-" "Mozilla/5.0 (X11; Linux x86_64) AppleWebKit/537.36 (KHTML, like Gecko) Chrome/35.0.1916.153 Safari/537.36"
75.130.92.191 - - [24/Jun/2014:19:00:46] "GET /polls HTTP/1.0" 500 None "-" "Mozilla/5.0 (X11; Linux x86_64) AppleWebKit/537.36 (KHTML, like Gecko) Chrome/35.0.1916.153 Safari/537.36"
75.130.92.191 - - [24/Jun/2014:19:00:47] "GET / HTTP/1.0" 500 None "-" "Mozilla/5.0 (X11; Linux x86_64) AppleWebKit/537.36 (KHTML, like Gecko) Chrome/35.0.1916.153 Safari/537.36"
108.34.151.220 - - [24/Jun/2014:19:05:33] "GET /polls HTTP/1.0" 500 None "-" "Mozilla/5.0 (Windows NT 6.1; WOW64; rv:30.0) Gecko/20100101 Firefox/30.0"
75.130.92.191 - - [24/Jun/2014:19:05:45] "GET / HTTP/1.0" 500 None "-" "Mozilla/5.0 (X11; Linux x86_64) AppleWebKit/537.36 (KHTML, like Gecko) Chrome/35.0.1916.153 Safari/537.36"
75.130.92.191 - - [24/Jun/2014:19:05:52] "GET /polls HTTP/1.0" 500 None "-" "Mozilla/5.0 (X11; Linux x86_64) AppleWebKit/537.36 (KHTML, like Gecko) Chrome/35.0.1916.153 Safari/537.36"
108.34.151.220 - - [24/Jun/2014:19:12:11] "GET /polls HTTP/1.0" 500 None "-" "Mozilla/5.0 (Windows NT 6.1; WOW64; rv:30.0) Gecko/20100101 Firefox/30.0"
75.130.92.191 - - [24/Jun/2014:19:12:14] "GET / HTTP/1.0" 500 None "-" "Mozilla/5.0 (X11; Linux x86_64) AppleWebKit/537.36 (KHTML, like Gecko) Chrome/35.0.1916.153 Safari/537.36"
108.34.151.220 - - [24/Jun/2014:19:13:18] "GET / HTTP/1.0" 500 None "-" "Mozilla/5.0 (Windows NT 6.1; WOW64; rv:30.0) Gecko/20100101 Firefox/30.0"
108.34.151.220 - - [24/Jun/2014:19:14:32] "GET / HTTP/1.0" 500 None "-" "Mozilla/5.0 (Windows NT 6.1; WOW64; rv:30.0) Gecko/20100101 Firefox/30.0"
75.130.92.191 - - [24/Jun/2014:19:14:35] "GET / HTTP/1.0" 500 None "-" "Mozilla/5.0 (X11; Linux x86_64) AppleWebKit/537.36 (KHTML, like Gecko) Chrome/35.0.1916.153 Safari/537.36"
208.115.111.69 - - [24/Jun/2014:19:14:57] "GET /robots.txt HTTP/1.0" 500 None "-" "Mozilla/5.0 (compatible; DotBot/1.1; http://www.opensiteexplorer.org/dotbot, help@moz.com)"
108.34.151.220 - - [24/Jun/2014:19:16:00] "GET / HTTP/1.0" 500 None "-" "Mozilla/5.0 (Windows NT 6.1; WOW64; rv:30.0) Gecko/20100101 Firefox/30.0"
108.34.151.220 - - [24/Jun/2014:19:16:03] "GET / HTTP/1.0" 500 None "-" "Mozilla/5.0 (Windows NT 6.1; WOW64; rv:30.0) Gecko/20100101 Firefox/30.0"
75.130.92.191 - - [24/Jun/2014:19:16:04] "GET / HTTP/1.0" 500 None "-" "Mozilla/5.0 (X11; Linux x86_64) AppleWebKit/537.36 (KHTML, like Gecko) Chrome/35.0.1916.153 Safari/537.36"
108.34.151.220 - - [24/Jun/2014:19:16:05] "GET / HTTP/1.0" 500 None "-" "Mozilla/5.0 (Windows NT 6.1; WOW64; rv:30.0) Gecko/20100101 Firefox/30.0"
108.34.151.220 - - [24/Jun/2014:19:17:03] "GET / HTTP/1.0" 500 None "-" "Mozilla/5.0 (Windows NT 6.1; WOW64; rv:30.0) Gecko/20100101 Firefox/30.0"
75.130.92.191 - - [24/Jun/2014:19:17:05] "GET / HTTP/1.0" 500 None "-" "Mozilla/5.0 (X11; Linux x86_64) AppleWebKit/537.36 (KHTML, like Gecko) Chrome/35.0.1916.153 Safari/537.36"
108.34.151.220 - - [24/Jun/2014:19:17:06] "GET / HTTP/1.0" 500 None "-" "Mozilla/5.0 (Windows NT 6.1; WOW64; rv:30.0) Gecko/20100101 Firefox/30.0"
75.130.92.191 - - [24/Jun/2014:19:17:07] "GET / HTTP/1.0" 500 None "-" "Mozilla/5.0 (X11; Linux x86_64) AppleWebKit/537.36 (KHTML, like Gecko) Chrome/35.0.1916.153 Safari/537.36"
108.34.151.220 - - [24/Jun/2014:19:17:07] "GET / HTTP/1.0" 500 None "-" "Mozilla/5.0 (Windows NT 6.1; WOW64; rv:30.0) Gecko/20100101 Firefox/30.0"
75.130.92.191 - - [24/Jun/2014:19:17:08] "GET / HTTP/1.0" 500 None "-" "Mozilla/5.0 (X11; Linux x86_64) AppleWebKit/537.36 (KHTML, like Gecko) Chrome/35.0.1916.153 Safari/537.36"
108.34.151.220 - - [24/Jun/2014:19:17:09] "GET / HTTP/1.0" 500 None "-" "Mozilla/5.0 (Windows NT 6.1; WOW64; rv:30.0) Gecko/20100101 Firefox/30.0"
108.34.151.220 - - [24/Jun/2014:19:17:10] "GET / HTTP/1.0" 500 None "-" "Mozilla/5.0 (Windows NT 6.1; WOW64; rv:30.0) Gecko/20100101 Firefox/30.0"
75.130.92.191 - - [24/Jun/2014:19:18:07] "GET / HTTP/1.0" 500 None "-" "Mozilla/5.0 (X11; Linux x86_64) AppleWebKit/537.36 (KHTML, like Gecko) Chrome/35.0.1916.153 Safari/537.36"
108.34.151.220 - - [24/Jun/2014:19:18:09] "GET / HTTP/1.0" 500 None "-" "Mozilla/5.0 (Windows NT 6.1; WOW64; rv:30.0) Gecko/20100101 Firefox/30.0"
75.130.92.191 - - [24/Jun/2014:19:19:19] "GET / HTTP/1.0" 500 None "-" "Mozilla/5.0 (X11; Linux x86_64) AppleWebKit/537.36 (KHTML, like Gecko) Chrome/35.0.1916.153 Safari/537.36"
75.130.92.191 - - [24/Jun/2014:19:19:21] "GET / HTTP/1.0" 500 None "-" "Mozilla/5.0 (X11; Linux x86_64) AppleWebKit/537.36 (KHTML, like Gecko) Chrome/35.0.1916.153 Safari/537.36"
75.130.92.191 - - [24/Jun/2014:19:23:18] "GET / HTTP/1.0" 500 None "-" "Mozilla/5.0 (X11; Linux x86_64) AppleWebKit/537.36 (KHTML, like Gecko) Chrome/35.0.1916.153 Safari/537.36"
75.130.92.191 - - [24/Jun/2014:19:23:22] "GET / HTTP/1.0" 500 None "-" "Mozilla/5.0 (X11; Linux x86_64) AppleWebKit/537.36 (KHTML, like Gecko) Chrome/35.0.1916.153 Safari/537.36"
66.249.65.200 - - [24/Jun/2014:21:43:30] "GET /robots.txt HTTP/1.0" 500 None "-" "Mozilla/5.0 (compatible; Googlebot/2.1; +http://www.google.com/bot.html)"
157.55.39.0 - - [24/Jun/2014:21:44:49] "GET /robots.txt HTTP/1.0" 500 None "-" "Mozilla/5.0 (compatible; bingbot/2.0; +http://www.bing.com/bingbot.htm)"
208.115.111.69 - - [24/Jun/2014:23:17:32] "GET /robots.txt HTTP/1.0" 500 None "-" "Mozilla/5.0 (compatible; DotBot/1.1; http://www.opensiteexplorer.org/dotbot, help@moz.com)"
66.249.65.187 - - [25/Jun/2014:02:53:04] "GET /robots.txt HTTP/1.0" 500 None "-" "Mozilla/5.0 (compatible; Googlebot/2.1; +http://www.google.com/bot.html)"
207.46.13.115 - - [25/Jun/2014:03:22:25] "GET /robots.txt HTTP/1.0" 500 None "-" "Mozilla/5.0 (compatible; bingbot/2.0; +http://www.bing.com/bingbot.htm)"
61.135.189.187 - - [25/Jun/2014:03:46:17] "GET /view.php?id=7178 HTTP/1.0" 500 None "-" "Sogou web spider/4.0(+http://www.sogou.com/docs/help/webmasters.htm#07)"
175.17.199.183 - - [25/Jun/2014:03:46:20] "GET /mnews.htm HTTP/1.0" 500 None "-" "Mozilla/4.0 (compatible; MSIE 7.0; Windows NT 5.1)"
61.135.189.187 - - [25/Jun/2014:03:46:35] "GET /view.php?id=10123 HTTP/1.0" 500 None "-" "Sogou web spider/4.0(+http://www.sogou.com/docs/help/webmasters.htm#07)"
37.58.100.181 - - [25/Jun/2014:04:44:31] "GET /robots.txt HTTP/1.0" 500 None "-" "Mozilla/5.0 (compatible; AhrefsBot/5.0; +http://ahrefs.com/robot/)"
37.58.100.181 - - [25/Jun/2014:04:44:32] "GET /robots.txt HTTP/1.0" 500 None "-" "Mozilla/5.0 (compatible; AhrefsBot/5.0; +http://ahrefs.com/robot/)"
23.251.155.205 - - [25/Jun/2014:09:04:17] "GET / HTTP/1.0" 500 None "-" "NerdyBot"
66.249.65.200 - - [25/Jun/2014:09:32:41] "GET /robots.txt HTTP/1.0" 500 None "-" "Mozilla/5.0 (compatible; Googlebot/2.1; +http://www.google.com/bot.html)"
66.249.65.110 - - [25/Jun/2014:09:34:04] "GET /robots.txt HTTP/1.0" 500 None "-" "Mozilla/5.0 (compatible; Googlebot/2.1; +http://www.google.com/bot.html)"
107.178.220.242 - - [25/Jun/2014:10:05:25] "GET / HTTP/1.0" 500 None "-" "NerdyBot"
157.55.39.0 - - [25/Jun/2014:10:39:53] "GET /robots.txt HTTP/1.0" 500 None "-" "Mozilla/5.0 (compatible; bingbot/2.0; +http://www.bing.com/bingbot.htm)"
46.165.220.215 - - [25/Jun/2014:11:20:08] "GET /vtigercrm/vtigerservice.php HTTP/1.0" 500 None "-" "curl/7.15.5 (x86_64-redhat-linux-gnu) libcurl/7.15.5 OpenSSL/0.9.8b zlib/1.2.3 libidn/0.6.5"
46.165.220.215 - - [25/Jun/2014:11:20:09] "GET /vtigercrm/vtigerservice.php HTTP/1.0" 500 None "-" "curl/7.15.5 (x86_64-redhat-linux-gnu) libcurl/7.15.5 OpenSSL/0.9.8b zlib/1.2.3 libidn/0.6.5"
46.165.220.215 - - [25/Jun/2014:11:20:09] "GET /vtigercrm/vtigerservice.php HTTP/1.0" 500 None "-" "curl/7.15.5 (x86_64-redhat-linux-gnu) libcurl/7.15.5 OpenSSL/0.9.8b zlib/1.2.3 libidn/0.6.5"
46.165.220.215 - - [25/Jun/2014:11:20:09] "GET /vtigercrm/vtigerservice.php HTTP/1.0" 500 None "-" "curl/7.15.5 (x86_64-redhat-linux-gnu) libcurl/7.15.5 OpenSSL/0.9.8b zlib/1.2.3 libidn/0.6.5"
46.165.220.215 - - [25/Jun/2014:11:20:11] "GET /vtigercrm/vtigerservice.php HTTP/1.0" 500 None "-" "curl/7.15.5 (x86_64-redhat-linux-gnu) libcurl/7.15.5 OpenSSL/0.9.8b zlib/1.2.3 libidn/0.6.5"
66.249.65.110 - - [25/Jun/2014:15:27:30] "GET /robots.txt HTTP/1.0" 500 None "-" "Mozilla/5.0 (compatible; Googlebot/2.1; +http://www.google.com/bot.html)"
66.249.65.84 - - [25/Jun/2014:15:29:08] "GET /robots.txt HTTP/1.0" 500 None "-" "Mozilla/5.0 (compatible; Googlebot/2.1; +http://www.google.com/bot.html)"
207.46.13.115 - - [25/Jun/2014:15:41:04] "GET /robots.txt HTTP/1.0" 500 None "-" "Mozilla/5.0 (compatible; bingbot/2.0; +http://www.bing.com/bingbot.htm)"
108.34.151.220 - - [25/Jun/2014:16:29:11] "GET /admin HTTP/1.0" 500 None "-" "Mozilla/5.0 (Windows NT 6.1; WOW64; rv:30.0) Gecko/20100101 Firefox/30.0"
108.34.151.220 - - [25/Jun/2014:16:29:11] "GET /favicon.ico HTTP/1.0" 500 None "-" "Mozilla/5.0 (Windows NT 6.1; WOW64; rv:30.0) Gecko/20100101 Firefox/30.0"
108.34.151.220 - - [25/Jun/2014:16:29:12] "GET /favicon.ico HTTP/1.0" 500 None "-" "Mozilla/5.0 (Windows NT 6.1; WOW64; rv:30.0) Gecko/20100101 Firefox/30.0"
108.34.151.220 - - [25/Jun/2014:16:29:16] "GET / HTTP/1.0" 500 None "-" "Mozilla/5.0 (Windows NT 6.1; WOW64; rv:30.0) Gecko/20100101 Firefox/30.0"
108.34.151.220 - - [25/Jun/2014:16:29:57] "GET / HTTP/1.0" 500 None "-" "Mozilla/5.0 (Windows NT 6.1; WOW64; rv:30.0) Gecko/20100101 Firefox/30.0"
108.34.151.220 - - [25/Jun/2014:16:29:59] "GET / HTTP/1.0" 500 None "-" "Mozilla/5.0 (Windows NT 6.1; WOW64; rv:30.0) Gecko/20100101 Firefox/30.0"
108.34.151.220 - - [25/Jun/2014:16:30:00] "GET / HTTP/1.0" 500 None "-" "Mozilla/5.0 (Windows NT 6.1; WOW64; rv:30.0) Gecko/20100101 Firefox/30.0"
101.226.168.207 - - [25/Jun/2014:19:09:15] "GET /robots.txt HTTP/1.0" 500 None "https://www.jooec.com/robots.txt" "Mozilla/5.0 (Windows NT 6.1) AppleWebKit/537.1 (KHTML, like Gecko) Chrome/21.0.1180.89 Safari/537.1; 360Spider"
122.235.191.52 - - [25/Jun/2014:19:09:16] "GET /mnews.htm HTTP/1.0" 500 None "-" "Mozilla/4.0 (compatible; MSIE 7.0; Windows NT 5.1)"
157.55.39.31 - - [25/Jun/2014:19:51:23] "GET /robots.txt HTTP/1.0" 500 None "-" "Mozilla/5.0 (compatible; bingbot/2.0; +http://www.bing.com/bingbot.htm)"
66.249.65.110 - - [25/Jun/2014:21:03:05] "GET /robots.txt HTTP/1.0" 500 None "-" "Mozilla/5.0 (compatible; Googlebot/2.1; +http://www.google.com/bot.html)"
207.46.13.115 - - [25/Jun/2014:22:08:37] "GET /robots.txt HTTP/1.0" 500 None "-" "Mozilla/5.0 (compatible; bingbot/2.0; +http://www.bing.com/bingbot.htm)"
157.55.39.31 - - [25/Jun/2014:22:10:42] "GET /robots.txt HTTP/1.0" 500 None "-" "Mozilla/5.0 (compatible; bingbot/2.0; +http://www.bing.com/bingbot.htm)"
101.226.168.204 - - [25/Jun/2014:23:06:11] "GET /robots.txt HTTP/1.0" 500 None "https://www.jooec.com/robots.txt" "Mozilla/5.0 (Windows NT 6.1) AppleWebKit/537.1 (KHTML, like Gecko) Chrome/21.0.1180.89 Safari/537.1; 360Spider"
112.66.45.91 - - [25/Jun/2014:23:06:14] "GET /mnews.htm HTTP/1.0" 500 None "-" "Mozilla/4.0 (compatible; MSIE 7.0; Windows NT 5.1)"
61.135.189.187 - - [25/Jun/2014:23:42:10] "GET /view.php?id=7156 HTTP/1.0" 500 None "-" "Sogou web spider/4.0(+http://www.sogou.com/docs/help/webmasters.htm#07)"
112.66.51.66 - - [25/Jun/2014:23:42:11] "GET /mnews.htm HTTP/1.0" 500 None "-" "Mozilla/4.0 (compatible; MSIE 7.0; Windows NT 5.1)"
61.135.189.187 - - [25/Jun/2014:23:42:33] "GET /view.php?id=7184 HTTP/1.0" 500 None "-" "Sogou web spider/4.0(+http://www.sogou.com/docs/help/webmasters.htm#07)"
46.165.220.215 - - [25/Jun/2014:23:43:23] "GET /vtigercrm/vtigerservice.php HTTP/1.0" 500 None "-" "curl/7.15.5 (x86_64-redhat-linux-gnu) libcurl/7.15.5 OpenSSL/0.9.8b zlib/1.2.3 libidn/0.6.5"
46.165.220.215 - - [25/Jun/2014:23:43:23] "GET /vtigercrm/vtigerservice.php HTTP/1.0" 500 None "-" "curl/7.15.5 (x86_64-redhat-linux-gnu) libcurl/7.15.5 OpenSSL/0.9.8b zlib/1.2.3 libidn/0.6.5"
46.165.220.215 - - [25/Jun/2014:23:43:24] "GET /vtigercrm/vtigerservice.php HTTP/1.0" 500 None "-" "curl/7.15.5 (x86_64-redhat-linux-gnu) libcurl/7.15.5 OpenSSL/0.9.8b zlib/1.2.3 libidn/0.6.5"
46.165.220.215 - - [25/Jun/2014:23:43:25] "GET /vtigercrm/vtigerservice.php HTTP/1.0" 500 None "-" "curl/7.15.5 (x86_64-redhat-linux-gnu) libcurl/7.15.5 OpenSSL/0.9.8b zlib/1.2.3 libidn/0.6.5"
46.165.220.215 - - [25/Jun/2014:23:43:25] "GET /vtigercrm/vtigerservice.php HTTP/1.0" 500 None "-" "curl/7.15.5 (x86_64-redhat-linux-gnu) libcurl/7.15.5 OpenSSL/0.9.8b zlib/1.2.3 libidn/0.6.5"
46.165.220.215 - - [26/Jun/2014:00:05:44] "GET /recordings/theme/iefixes.css HTTP/1.0" 500 None "-" "curl/7.15.5 (x86_64-redhat-linux-gnu) libcurl/7.15.5 OpenSSL/0.9.8b zlib/1.2.3 libidn/0.6.5"
46.165.220.215 - - [26/Jun/2014:00:05:44] "GET /recordings/theme/iefixes.css HTTP/1.0" 500 None "-" "curl/7.15.5 (x86_64-redhat-linux-gnu) libcurl/7.15.5 OpenSSL/0.9.8b zlib/1.2.3 libidn/0.6.5"
46.165.220.215 - - [26/Jun/2014:00:05:45] "GET /recordings/theme/iefixes.css HTTP/1.0" 500 None "-" "curl/7.15.5 (x86_64-redhat-linux-gnu) libcurl/7.15.5 OpenSSL/0.9.8b zlib/1.2.3 libidn/0.6.5"
46.165.220.215 - - [26/Jun/2014:00:05:46] "GET /recordings/theme/iefixes.css HTTP/1.0" 500 None "-" "curl/7.15.5 (x86_64-redhat-linux-gnu) libcurl/7.15.5 OpenSSL/0.9.8b zlib/1.2.3 libidn/0.6.5"
46.165.220.215 - - [26/Jun/2014:00:05:46] "GET /recordings/theme/iefixes.css HTTP/1.0" 500 None "-" "curl/7.15.5 (x86_64-redhat-linux-gnu) libcurl/7.15.5 OpenSSL/0.9.8b zlib/1.2.3 libidn/0.6.5"
157.55.39.16 - - [26/Jun/2014:03:00:48] "GET /robots.txt HTTP/1.0" 500 None "-" "Mozilla/5.0 (compatible; bingbot/2.0; +http://www.bing.com/bingbot.htm)"
157.55.39.17 - - [26/Jun/2014:03:01:14] "GET /?feed=rss HTTP/1.0" 500 None "-" "Mozilla/5.0 (compatible; bingbot/2.0; +http://www.bing.com/bingbot.htm)"
207.46.13.115 - - [26/Jun/2014:04:05:08] "GET /robots.txt HTTP/1.0" 500 None "-" "Mozilla/5.0 (compatible; bingbot/2.0; +http://www.bing.com/bingbot.htm)"
178.77.126.55 - - [26/Jun/2014:05:23:04] "GET / HTTP/1.0" 500 None "-" "Mozilla/5.0 (compatible; CareerBot/1.1; +http://www.career-x.de/bot.html)"
207.46.13.39 - - [26/Jun/2014:05:42:34] "GET /robots.txt HTTP/1.0" 500 None "-" "Mozilla/5.0 (compatible; bingbot/2.0; +http://www.bing.com/bingbot.htm)"
207.46.13.39 - - [26/Jun/2014:05:42:47] "GET /contact.htm HTTP/1.0" 500 None "-" "Mozilla/5.0 (compatible; bingbot/2.0; +http://www.bing.com/bingbot.htm)"
66.249.76.122 - - [26/Jun/2014:07:42:20] "GET /robots.txt HTTP/1.0" 500 None "-" "Mozilla/5.0 (compatible; Googlebot/2.1; +http://www.google.com/bot.html)"
199.80.59.174 - - [26/Jun/2014:08:46:06] "GET / HTTP/1.0" 500 None "-" "Mozilla/4.0 (compatible; MSIE 5.5; Windows NT)"
66.249.76.197 - - [26/Jun/2014:08:50:32] "GET /robots.txt HTTP/1.0" 500 None "-" "Mozilla/5.0 (compatible; Googlebot/2.1; +http://www.google.com/bot.html)"
23.251.158.70 - - [26/Jun/2014:09:04:44] "GET / HTTP/1.0" 500 None "-" "NerdyBot"
66.249.65.84 - - [26/Jun/2014:09:16:47] "GET /robots.txt HTTP/1.0" 500 None "-" "Mozilla/5.0 (compatible; Googlebot/2.1; +http://www.google.com/bot.html)"
107.178.211.235 - - [26/Jun/2014:10:06:05] "GET / HTTP/1.0" 500 None "-" "NerdyBot"
96.233.132.31 - - [26/Jun/2014:10:17:43] "GET / HTTP/1.0" 500 None "-" "Mozilla/5.0 (Windows NT 6.1; WOW64) AppleWebKit/537.36 (KHTML, like Gecko) Chrome/35.0.1916.114 Safari/537.36"
96.233.132.31 - - [26/Jun/2014:10:17:43] "GET /favicon.ico HTTP/1.0" 500 None "-" "Mozilla/5.0 (Windows NT 6.1; WOW64) AppleWebKit/537.36 (KHTML, like Gecko) Chrome/35.0.1916.114 Safari/537.36"
96.233.132.31 - - [26/Jun/2014:10:17:44] "GET /favicon.ico HTTP/1.0" 500 None "-" "Mozilla/5.0 (Windows NT 6.1; WOW64) AppleWebKit/537.36 (KHTML, like Gecko) Chrome/35.0.1916.114 Safari/537.36"
157.55.39.31 - - [26/Jun/2014:10:40:41] "GET /robots.txt HTTP/1.0" 500 None "-" "Mozilla/5.0 (compatible; bingbot/2.0; +http://www.bing.com/bingbot.htm)"
212.129.17.25 - - [26/Jun/2014:11:20:10] "GET / HTTP/1.0" 500 None "-" "Python-urllib/2.7"
212.129.17.25 - - [26/Jun/2014:11:20:11] "GET / HTTP/1.0" 500 None "-" "Python-urllib/2.7"
212.129.17.25 - - [26/Jun/2014:11:20:13] "GET / HTTP/1.0" 500 None "-" "Python-urllib/2.7"
212.129.17.25 - - [26/Jun/2014:11:20:16] "GET / HTTP/1.0" 500 None "-" "Python-urllib/2.7"
212.129.17.25 - - [26/Jun/2014:11:20:18] "GET / HTTP/1.0" 500 None "-" "Python-urllib/2.7"
212.129.17.25 - - [26/Jun/2014:11:20:21] "GET / HTTP/1.0" 500 None "-" "Python-urllib/2.7"
212.129.17.25 - - [26/Jun/2014:11:20:25] "GET / HTTP/1.0" 500 None "-" "Python-urllib/2.7"
212.129.17.25 - - [26/Jun/2014:11:20:26] "GET / HTTP/1.0" 500 None "-" "Python-urllib/2.7"
212.129.17.25 - - [26/Jun/2014:11:20:27] "GET / HTTP/1.0" 500 None "-" "Python-urllib/2.7"
212.129.17.25 - - [26/Jun/2014:11:20:29] "GET / HTTP/1.0" 500 None "-" "Python-urllib/2.7"
212.129.17.25 - - [26/Jun/2014:11:20:32] "GET / HTTP/1.0" 500 None "-" "Python-urllib/2.7"
212.129.17.25 - - [26/Jun/2014:11:20:35] "GET / HTTP/1.0" 500 None "-" "Python-urllib/2.7"
212.129.17.25 - - [26/Jun/2014:11:20:37] "GET / HTTP/1.0" 500 None "-" "Python-urllib/2.7"
212.129.17.25 - - [26/Jun/2014:11:20:40] "GET / HTTP/1.0" 500 None "-" "Python-urllib/2.7"
212.129.17.25 - - [26/Jun/2014:11:20:41] "GET / HTTP/1.0" 500 None "-" "Python-urllib/2.7"
212.129.17.25 - - [26/Jun/2014:11:20:43] "GET / HTTP/1.0" 500 None "-" "Python-urllib/2.7"
212.129.17.25 - - [26/Jun/2014:11:20:44] "GET / HTTP/1.0" 500 None "-" "Python-urllib/2.7"
212.129.17.25 - - [26/Jun/2014:11:20:47] "GET / HTTP/1.0" 500 None "-" "Python-urllib/2.7"
212.129.17.25 - - [26/Jun/2014:11:20:50] "GET / HTTP/1.0" 500 None "-" "Python-urllib/2.7"
212.129.17.25 - - [26/Jun/2014:11:20:53] "GET / HTTP/1.0" 500 None "-" "Python-urllib/2.7"
212.129.17.25 - - [26/Jun/2014:11:20:56] "GET / HTTP/1.0" 500 None "-" "Python-urllib/2.7"
212.129.17.25 - - [26/Jun/2014:11:20:57] "GET / HTTP/1.0" 500 None "-" "Python-urllib/2.7"
212.129.17.25 - - [26/Jun/2014:11:20:58] "GET / HTTP/1.0" 500 None "-" "Python-urllib/2.7"
212.129.17.25 - - [26/Jun/2014:11:20:59] "GET / HTTP/1.0" 500 None "-" "Python-urllib/2.7"
212.129.17.25 - - [26/Jun/2014:11:21:02] "GET / HTTP/1.0" 500 None "-" "Python-urllib/2.7"
212.129.17.25 - - [26/Jun/2014:11:21:05] "GET / HTTP/1.0" 500 None "-" "Python-urllib/2.7"
212.129.17.25 - - [26/Jun/2014:11:21:08] "GET / HTTP/1.0" 500 None "-" "Python-urllib/2.7"
212.129.17.25 - - [26/Jun/2014:11:21:11] "GET / HTTP/1.0" 500 None "-" "Python-urllib/2.7"
212.129.17.25 - - [26/Jun/2014:11:21:12] "GET / HTTP/1.0" 500 None "-" "Python-urllib/2.7"
212.129.17.25 - - [26/Jun/2014:11:21:13] "GET / HTTP/1.0" 500 None "-" "Python-urllib/2.7"
212.129.17.25 - - [26/Jun/2014:11:21:15] "GET / HTTP/1.0" 500 None "-" "Python-urllib/2.7"
212.129.17.25 - - [26/Jun/2014:11:21:18] "GET / HTTP/1.0" 500 None "-" "Python-urllib/2.7"
212.129.17.25 - - [26/Jun/2014:11:21:21] "GET / HTTP/1.0" 500 None "-" "Python-urllib/2.7"
212.129.17.25 - - [26/Jun/2014:11:21:24] "GET / HTTP/1.0" 500 None "-" "Python-urllib/2.7"
212.129.17.25 - - [26/Jun/2014:11:21:28] "GET / HTTP/1.0" 500 None "-" "Python-urllib/2.7"
108.34.151.220 - - [26/Jun/2014:11:38:26] "GET / HTTP/1.0" 500 None "-" "Mozilla/5.0 (Windows NT 6.1; WOW64; rv:30.0) Gecko/20100101 Firefox/30.0"
108.34.151.220 - - [26/Jun/2014:11:38:26] "GET /favicon.ico HTTP/1.0" 500 None "-" "Mozilla/5.0 (Windows NT 6.1; WOW64; rv:30.0) Gecko/20100101 Firefox/30.0"
108.34.151.220 - - [26/Jun/2014:11:38:27] "GET /favicon.ico HTTP/1.0" 500 None "-" "Mozilla/5.0 (Windows NT 6.1; WOW64; rv:30.0) Gecko/20100101 Firefox/30.0"
108.34.151.220 - - [26/Jun/2014:11:40:24] "GET / HTTP/1.0" 500 None "-" "Mozilla/5.0 (Windows NT 6.1; WOW64; rv:30.0) Gecko/20100101 Firefox/30.0"
108.34.151.220 - - [26/Jun/2014:11:40:25] "GET / HTTP/1.0" 500 None "-" "Mozilla/5.0 (Windows NT 6.1; WOW64; rv:30.0) Gecko/20100101 Firefox/30.0"
108.34.151.220 - - [26/Jun/2014:11:40:27] "GET / HTTP/1.0" 500 None "-" "Mozilla/5.0 (Windows NT 6.1; WOW64; rv:30.0) Gecko/20100101 Firefox/30.0"
108.34.151.220 - - [26/Jun/2014:11:49:39] "GET / HTTP/1.0" 500 None "-" "Mozilla/5.0 (Windows NT 6.1; WOW64; rv:30.0) Gecko/20100101 Firefox/30.0"
108.34.151.220 - - [26/Jun/2014:11:50:39] "GET / HTTP/1.0" 200 None "-" "Mozilla/5.0 (Windows NT 6.1; WOW64; rv:30.0) Gecko/20100101 Firefox/30.0"
108.34.151.220 - - [26/Jun/2014:11:52:44] "GET / HTTP/1.0" 500 None "-" "Mozilla/5.0 (Windows NT 6.1; WOW64; rv:30.0) Gecko/20100101 Firefox/30.0"
108.34.151.220 - - [26/Jun/2014:11:54:11] "GET / HTTP/1.0" 500 None "-" "Mozilla/5.0 (Windows NT 6.1; WOW64; rv:30.0) Gecko/20100101 Firefox/30.0"
108.34.151.220 - - [26/Jun/2014:11:54:14] "GET / HTTP/1.0" 500 None "-" "Mozilla/5.0 (Windows NT 6.1; WOW64; rv:30.0) Gecko/20100101 Firefox/30.0"
108.34.151.220 - - [26/Jun/2014:11:58:49] "GET / HTTP/1.0" 200 None "-" "Mozilla/5.0 (Windows NT 6.1; WOW64; rv:30.0) Gecko/20100101 Firefox/30.0"
108.34.151.220 - - [26/Jun/2014:11:59:01] "GET /admin HTTP/1.0" 301 None "-" "Mozilla/5.0 (Windows NT 6.1; WOW64; rv:30.0) Gecko/20100101 Firefox/30.0"
108.34.151.220 - - [26/Jun/2014:11:59:02] "GET /admin/ HTTP/1.0" 200 None "-" "Mozilla/5.0 (Windows NT 6.1; WOW64; rv:30.0) Gecko/20100101 Firefox/30.0"
108.34.151.220 - - [26/Jun/2014:12:01:54] "POST /admin/ HTTP/1.0" 302 None "https://www.convenient-delivery.com/admin/" "Mozilla/5.0 (Windows NT 6.1; WOW64; rv:30.0) Gecko/20100101 Firefox/30.0"
108.34.151.220 - - [26/Jun/2014:12:01:55] "GET /admin/ HTTP/1.0" 200 None "-" "Mozilla/5.0 (Windows NT 6.1; WOW64; rv:30.0) Gecko/20100101 Firefox/30.0"
108.34.151.220 - - [26/Jun/2014:12:01:59] "GET /admin/auth/group/ HTTP/1.0" 200 None "https://www.convenient-delivery.com/admin/" "Mozilla/5.0 (Windows NT 6.1; WOW64; rv:30.0) Gecko/20100101 Firefox/30.0"
108.34.151.220 - - [26/Jun/2014:12:02:00] "GET /admin/jsi18n/ HTTP/1.0" 200 None "https://www.convenient-delivery.com/admin/auth/group/" "Mozilla/5.0 (Windows NT 6.1; WOW64; rv:30.0) Gecko/20100101 Firefox/30.0"
108.34.151.220 - - [26/Jun/2014:12:02:04] "GET /admin/auth/user/ HTTP/1.0" 200 None "https://www.convenient-delivery.com/admin/" "Mozilla/5.0 (Windows NT 6.1; WOW64; rv:30.0) Gecko/20100101 Firefox/30.0"
108.34.151.220 - - [26/Jun/2014:12:02:05] "GET /admin/jsi18n/ HTTP/1.0" 200 None "https://www.convenient-delivery.com/admin/auth/user/" "Mozilla/5.0 (Windows NT 6.1; WOW64; rv:30.0) Gecko/20100101 Firefox/30.0"
108.34.151.220 - - [26/Jun/2014:12:02:10] "GET /admin/auth/user/?o=3.1 HTTP/1.0" 200 None "https://www.convenient-delivery.com/admin/auth/user/" "Mozilla/5.0 (Windows NT 6.1; WOW64; rv:30.0) Gecko/20100101 Firefox/30.0"
108.34.151.220 - - [26/Jun/2014:12:02:11] "GET /admin/jsi18n/ HTTP/1.0" 200 None "https://www.convenient-delivery.com/admin/auth/user/?o=3.1" "Mozilla/5.0 (Windows NT 6.1; WOW64; rv:30.0) Gecko/20100101 Firefox/30.0"
108.34.151.220 - - [26/Jun/2014:12:05:20] "GET /admin/ HTTP/1.0" 200 None "-" "Mozilla/5.0 (Windows NT 6.1; WOW64; rv:30.0) Gecko/20100101 Firefox/30.0"
108.34.151.220 - - [26/Jun/2014:12:05:24] "GET /admin/polls/poll/ HTTP/1.0" 200 None "https://www.convenient-delivery.com/admin/" "Mozilla/5.0 (Windows NT 6.1; WOW64; rv:30.0) Gecko/20100101 Firefox/30.0"
108.34.151.220 - - [26/Jun/2014:12:05:24] "GET /admin/jsi18n/ HTTP/1.0" 200 None "https://www.convenient-delivery.com/admin/polls/poll/" "Mozilla/5.0 (Windows NT 6.1; WOW64; rv:30.0) Gecko/20100101 Firefox/30.0"
108.34.151.220 - - [26/Jun/2014:12:06:26] "GET /admin/polls/poll/ HTTP/1.0" 200 None "https://www.convenient-delivery.com/admin/" "Mozilla/5.0 (Windows NT 6.1; WOW64; rv:30.0) Gecko/20100101 Firefox/30.0"
108.34.151.220 - - [26/Jun/2014:12:06:27] "GET /admin/jsi18n/ HTTP/1.0" 200 None "https://www.convenient-delivery.com/admin/polls/poll/" "Mozilla/5.0 (Windows NT 6.1; WOW64; rv:30.0) Gecko/20100101 Firefox/30.0"
108.34.151.220 - - [26/Jun/2014:12:06:35] "GET /admin/polls/poll/6/ HTTP/1.0" 200 None "https://www.convenient-delivery.com/admin/polls/poll/" "Mozilla/5.0 (Windows NT 6.1; WOW64; rv:30.0) Gecko/20100101 Firefox/30.0"
108.34.151.220 - - [26/Jun/2014:12:06:36] "GET /admin/jsi18n/ HTTP/1.0" 200 None "https://www.convenient-delivery.com/admin/polls/poll/6/" "Mozilla/5.0 (Windows NT 6.1; WOW64; rv:30.0) Gecko/20100101 Firefox/30.0"
108.34.151.220 - - [26/Jun/2014:12:06:44] "GET /admin/polls/poll/6/delete/ HTTP/1.0" 200 None "https://www.convenient-delivery.com/admin/polls/poll/6/" "Mozilla/5.0 (Windows NT 6.1; WOW64; rv:30.0) Gecko/20100101 Firefox/30.0"
108.34.151.220 - - [26/Jun/2014:12:06:46] "POST /admin/polls/poll/6/delete/ HTTP/1.0" 302 None "https://www.convenient-delivery.com/admin/polls/poll/6/delete/" "Mozilla/5.0 (Windows NT 6.1; WOW64; rv:30.0) Gecko/20100101 Firefox/30.0"
108.34.151.220 - - [26/Jun/2014:12:06:47] "GET /admin/polls/poll/ HTTP/1.0" 200 None "-" "Mozilla/5.0 (Windows NT 6.1; WOW64; rv:30.0) Gecko/20100101 Firefox/30.0"
108.34.151.220 - - [26/Jun/2014:12:06:48] "GET /admin/jsi18n/ HTTP/1.0" 200 None "https://www.convenient-delivery.com/admin/polls/poll/" "Mozilla/5.0 (Windows NT 6.1; WOW64; rv:30.0) Gecko/20100101 Firefox/30.0"
108.34.151.220 - - [26/Jun/2014:12:06:51] "GET /admin/ HTTP/1.0" 200 None "https://www.convenient-delivery.com/admin/polls/poll/" "Mozilla/5.0 (Windows NT 6.1; WOW64; rv:30.0) Gecko/20100101 Firefox/30.0"
108.34.151.220 - - [26/Jun/2014:12:09:32] "GET /admin/ HTTP/1.0" 500 None "https://www.convenient-delivery.com/admin/polls/poll/" "Mozilla/5.0 (Windows NT 6.1; WOW64; rv:30.0) Gecko/20100101 Firefox/30.0"
108.34.151.220 - - [26/Jun/2014:12:10:26] "GET /admin/ HTTP/1.0" 200 None "https://www.convenient-delivery.com/admin/polls/poll/" "Mozilla/5.0 (Windows NT 6.1; WOW64; rv:30.0) Gecko/20100101 Firefox/30.0"
108.34.151.220 - - [26/Jun/2014:12:10:29] "GET /admin/polls/poll/ HTTP/1.0" 200 None "https://www.convenient-delivery.com/admin/" "Mozilla/5.0 (Windows NT 6.1; WOW64; rv:30.0) Gecko/20100101 Firefox/30.0"
108.34.151.220 - - [26/Jun/2014:12:10:30] "GET /admin/jsi18n/ HTTP/1.0" 200 None "https://www.convenient-delivery.com/admin/polls/poll/" "Mozilla/5.0 (Windows NT 6.1; WOW64; rv:30.0) Gecko/20100101 Firefox/30.0"
108.34.151.220 - - [26/Jun/2014:12:10:33] "GET /admin/polls/poll/add/ HTTP/1.0" 200 None "https://www.convenient-delivery.com/admin/polls/poll/" "Mozilla/5.0 (Windows NT 6.1; WOW64; rv:30.0) Gecko/20100101 Firefox/30.0"
108.34.151.220 - - [26/Jun/2014:12:10:34] "GET /admin/jsi18n/ HTTP/1.0" 200 None "https://www.convenient-delivery.com/admin/polls/poll/add/" "Mozilla/5.0 (Windows NT 6.1; WOW64; rv:30.0) Gecko/20100101 Firefox/30.0"
108.34.151.220 - - [26/Jun/2014:12:14:50] "GET /admin/polls/poll/add/ HTTP/1.0" 500 None "https://www.convenient-delivery.com/admin/polls/poll/" "Mozilla/5.0 (Windows NT 6.1; WOW64; rv:30.0) Gecko/20100101 Firefox/30.0"
108.34.151.220 - - [26/Jun/2014:12:15:42] "GET /admin/polls/poll/add/ HTTP/1.0" 500 None "https://www.convenient-delivery.com/admin/polls/poll/" "Mozilla/5.0 (Windows NT 6.1; WOW64; rv:30.0) Gecko/20100101 Firefox/30.0"
108.34.151.220 - - [26/Jun/2014:12:17:19] "GET /admin/polls/poll/add/ HTTP/1.0" 200 None "https://www.convenient-delivery.com/admin/polls/poll/" "Mozilla/5.0 (Windows NT 6.1; WOW64; rv:30.0) Gecko/20100101 Firefox/30.0"
108.34.151.220 - - [26/Jun/2014:12:17:20] "GET /admin/jsi18n/ HTTP/1.0" 200 None "https://www.convenient-delivery.com/admin/polls/poll/add/" "Mozilla/5.0 (Windows NT 6.1; WOW64; rv:30.0) Gecko/20100101 Firefox/30.0"
108.34.151.220 - - [26/Jun/2014:12:19:20] "GET /admin/polls/poll/add/ HTTP/1.0" 200 None "https://www.convenient-delivery.com/admin/polls/poll/" "Mozilla/5.0 (Windows NT 6.1; WOW64; rv:30.0) Gecko/20100101 Firefox/30.0"
108.34.151.220 - - [26/Jun/2014:12:19:20] "GET /admin/jsi18n/ HTTP/1.0" 200 None "https://www.convenient-delivery.com/admin/polls/poll/add/" "Mozilla/5.0 (Windows NT 6.1; WOW64; rv:30.0) Gecko/20100101 Firefox/30.0"
108.34.151.220 - - [26/Jun/2014:12:22:12] "GET /admin/polls/poll/add/ HTTP/1.0" 500 None "https://www.convenient-delivery.com/admin/polls/poll/" "Mozilla/5.0 (Windows NT 6.1; WOW64; rv:30.0) Gecko/20100101 Firefox/30.0"
108.34.151.220 - - [26/Jun/2014:12:24:09] "GET /admin/polls/poll/add/ HTTP/1.0" 500 None "https://www.convenient-delivery.com/admin/polls/poll/" "Mozilla/5.0 (Windows NT 6.1; WOW64; rv:30.0) Gecko/20100101 Firefox/30.0"
108.34.151.220 - - [26/Jun/2014:12:25:17] "GET /admin/polls/poll/add/ HTTP/1.0" 500 None "https://www.convenient-delivery.com/admin/polls/poll/" "Mozilla/5.0 (Windows NT 6.1; WOW64; rv:30.0) Gecko/20100101 Firefox/30.0"
